[INFO] Scanning for projects...
[INFO] 
[INFO] --------------------------< org.example:HAS >---------------------------
[INFO] Building HAS 0.0.1-SNAPSHOT
[INFO]   from pom.xml
[INFO] --------------------------------[ jar ]---------------------------------
[INFO] 
[INFO] --- clean:3.5.0:clean (default-clean) @ HAS ---
[INFO] Deleting C:\Users\Public\Documents\Code\HAS\target
[INFO] 
[INFO] --- resources:3.3.1:resources (default-resources) @ HAS ---
[INFO] Copying 1 resource from src\main\resources to target\classes
[INFO] Copying 0 resource from src\main\resources to target\classes
[INFO] 
[INFO] --- compiler:3.14.1:compile (default-compile) @ HAS ---
[INFO] Recompiling the module because of changed source code.
[INFO] Compiling 55 source files with javac [debug parameters release 17] to target\classes
[INFO] -------------------------------------------------------------
[ERROR] COMPILATION ERROR : 
[INFO] -------------------------------------------------------------
[ERROR] /C:/Users/Public/Documents/Code/HAS/src/main/java/org/example/has/config/SecurityConfig.java:[35,42] unclosed string literal
[ERROR] /C:/Users/Public/Documents/Code/HAS/src/main/java/org/example/has/config/SecurityConfig.java:[38,47] ';' expected
[ERROR] /C:/Users/Public/Documents/Code/HAS/src/main/java/org/example/has/config/SecurityConfig.java:[43,59] ';' expected
[ERROR] /C:/Users/Public/Documents/Code/HAS/src/main/java/org/example/has/config/SecurityConfig.java:[44,59] ';' expected
[ERROR] /C:/Users/Public/Documents/Code/HAS/src/main/java/org/example/has/config/SecurityConfig.java:[44,68] not a statement
[ERROR] /C:/Users/Public/Documents/Code/HAS/src/main/java/org/example/has/config/SecurityConfig.java:[44,77] ';' expected
[ERROR] /C:/Users/Public/Documents/Code/HAS/src/main/java/org/example/has/config/SecurityConfig.java:[47,2] reached end of file while parsing
[INFO] 7 errors 
[INFO] -------------------------------------------------------------
[INFO] ------------------------------------------------------------------------
[INFO] BUILD FAILURE
[INFO] ------------------------------------------------------------------------
[INFO] Total time:  1.836 s
[INFO] Finished at: 2026-06-10T22:56:24+07:00
[INFO] ------------------------------------------------------------------------
[ERROR] Failed to execute goal org.apache.maven.plugins:maven-compiler-plugin:3.14.1:compile (default-compile) on project HAS: Compilation failure: Compilation failure: 
[ERROR] /C:/Users/Public/Documents/Code/HAS/src/main/java/org/example/has/config/SecurityConfig.java:[35,42] unclosed string literal
[ERROR] /C:/Users/Public/Documents/Code/HAS/src/main/java/org/example/has/config/SecurityConfig.java:[38,47] ';' expected
[ERROR] /C:/Users/Public/Documents/Code/HAS/src/main/java/org/example/has/config/SecurityConfig.java:[43,59] ';' expected
[ERROR] /C:/Users/Public/Documents/Code/HAS/src/main/java/org/example/has/config/SecurityConfig.java:[44,59] ';' expected
[ERROR] /C:/Users/Public/Documents/Code/HAS/src/main/java/org/example/has/config/SecurityConfig.java:[44,68] not a statement
[ERROR] /C:/Users/Public/Documents/Code/HAS/src/main/java/org/example/has/config/SecurityConfig.java:[44,77] ';' expected
[ERROR] /C:/Users/Public/Documents/Code/HAS/src/main/java/org/example/has/config/SecurityConfig.java:[47,2] reached end of file while parsing
[ERROR] -> [Help 1]
[ERROR] 
[ERROR] To see the full stack trace of the errors, re-run Maven with the -e switch.
[ERROR] Re-run Maven using the -X switch to enable full debug logging.
[ERROR] 
[ERROR] For more information about the errors and possible solutions, please read the following articles:
[ERROR] [Help 1] http://cwiki.apache.org/confluence/display/MAVEN/MojoFailureException
